07/04/2018 10:18:50 - : Nome di cassetta postale non consentito. Risposta del server: MAIL FROM:<labextim@labe.it> does not match authenticated user name
13/09/2019 12:46:00 - : Nome di cassetta postale non consentito. Risposta del server: MAIL FROM:<labextim@labe.it> does not match authenticated user name
13/09/2019 12:46:14 - : Nome di cassetta postale non consentito. Risposta del server: MAIL FROM:<labextim@labe.it> does not match authenticated user name
13/09/2019 12:52:13 - : Nome di cassetta postale non consentito. Risposta del server: MAIL FROM:<labextim@labe.it> does not match authenticated user name
14/10/2019 15:20:17 - : Nome di cassetta postale non consentito. Risposta del server: MAIL FROM:<labextim@labe.it> does not match authenticated user name
18/04/2020 13:06:24 - : Transazione non riuscita. Risposta del server: smtp207.alice.it Service not available - access denied
18/04/2020 13:11:01 - : Nome di cassetta postale non consentito. Risposta del server: MAIL FROM:<labextim@labe.it> does not match authenticated user name
15/02/2024 14:46:12 - : Errore durante l'invio della posta. - Autenticazione non riuscita. La parte remota ha chiuso il flusso di trasporto.
15/02/2024 14:46:21 - : Errore durante l'invio della posta.
15/02/2024 14:49:55 - : Errore durante l'invio della posta. - Autenticazione non riuscita. La parte remota ha chiuso il flusso di trasporto.
15/02/2024 14:49:57 - : Errore durante l'invio della posta.
15/02/2024 14:50:45 - : Errore durante l'invio della posta. - Autenticazione non riuscita. La parte remota ha chiuso il flusso di trasporto.
15/02/2024 14:50:46 - : Errore durante l'invio della posta.
15/02/2024 14:53:57 - : Errore durante l'invio della posta. - Autenticazione non riuscita. La parte remota ha chiuso il flusso di trasporto.
15/02/2024 14:53:59 - : Errore durante l'invio della posta.
15/02/2024 14:54:32 - : Errore durante l'invio della posta. - Autenticazione non riuscita. La parte remota ha chiuso il flusso di trasporto.
15/02/2024 14:54:34 - : Errore durante l'invio della posta.
15/02/2024 14:57:43 - : Errore durante l'invio della posta. - Autenticazione non riuscita. La parte remota ha chiuso il flusso di trasporto.
15/02/2024 14:57:44 - : Errore durante l'invio della posta. - Autenticazione non riuscita. La parte remota ha chiuso il flusso di trasporto.
15/02/2024 15:05:14 - : Errore durante l'invio della posta. - Autenticazione non riuscita. La parte remota ha chiuso il flusso di trasporto.
15/02/2024 15:05:16 - : Errore durante l'invio della posta. - Autenticazione non riuscita. La parte remota ha chiuso il flusso di trasporto.
15/02/2024 15:05:28 - : Errore durante l'invio della posta. - Autenticazione non riuscita. La parte remota ha chiuso il flusso di trasporto.
15/02/2024 15:05:29 - : Errore durante l'invio della posta. - Autenticazione non riuscita. La parte remota ha chiuso il flusso di trasporto.
19/02/2024 15:19:02 - : Errore durante l'invio della posta. - Autenticazione non riuscita. La parte remota ha chiuso il flusso di trasporto.
19/02/2024 15:19:04 - : Errore durante l'invio della posta. - Autenticazione non riuscita. La parte remota ha chiuso il flusso di trasporto.
19/02/2024 15:30:59 - : Errore durante l'invio della posta. - Autenticazione non riuscita. La parte remota ha chiuso il flusso di trasporto.
19/02/2024 15:31:00 - : Errore durante l'invio della posta. - Autenticazione non riuscita. La parte remota ha chiuso il flusso di trasporto.
10/04/2026 11:25:31 - : Il certificato remoto non è stato ritenuto valido dalla procedura di convalida.
10/04/2026 11:31:21 - : Cassetta postale non disponibile. Risposta del server: 5.1.0 <info@codeforbusiness.it> B8BXw4yZjwf0DB8BXwjJLj - Mittente non consentito / Sender not allowed ( mail from )
17/04/2026 15:27:40 - : Cassetta postale non disponibile. Risposta del server: 5.1.0 <tecnico@labe.it> DjESweVkQ5SteDjESwDYgb - Mittente non consentito / Sender not allowed ( mail from )
