19/01/2020 10:34:23 - Importazione dati gestionale eseguita con successo
19/01/2020 10:38:58 - Importazione dati gestionale eseguita con successo
25/05/2023 11:22:38 - LabExtim Daily Manager: Tentativo di caricare un programma con un formato non corretto. (Eccezione da HRESULT: 0x8007000B): Tentativo di caricare un programma con un formato non corretto. (Eccezione da HRESULT: 0x8007000B)
25/05/2023 11:23:30 - LabExtim Daily Manager: Tentativo di caricare un programma con un formato non corretto. (Eccezione da HRESULT: 0x8007000B): Tentativo di caricare un programma con un formato non corretto. (Eccezione da HRESULT: 0x8007000B)
20/07/2023 12:47:29 - Importazione dati: Non sono supportate conversioni a SQL per il metodo 'Boolean IsNullOrWhiteSpace(System.String).
20/07/2023 12:48:39 - Importazione dati: Non sono supportate conversioni a SQL per il metodo 'Boolean IsNullOrEmpty(System.String).
02/08/2023 11:33:46 - ZechiniGateway - RetrieveCurrentDataset: Formato della stringa di input non corretto.
02/08/2023 12:24:25 - Importazione dati - AutoOpen_EcoSystem_ORDINE : Riferimento a un oggetto non impostato su un'istanza di oggetto.
03/12/2023 17:31:32 - WarehouseManager (Comando fallito: ALTER INDEX [] ON [StockItems] REBUILD; UPDATE STATISTICS [StockItems] [] - Valori parametri: ) - : Il nome di un oggetto o una colonna manca o è vuoto. Per le istruzioni SELECT INTO verificare che ogni colonna abbia un nome. Per le altre istruzioni, cercare eventuali nomi alias vuoti. Gli alias definiti come "" o [] non sono consentiti. Modificare l'alias in un nome valido.
Il nome di un oggetto o una colonna manca o è vuoto. Per le istruzioni SELECT INTO verificare che ogni colonna abbia un nome. Per le altre istruzioni, cercare eventuali nomi alias vuoti. Gli alias definiti come "" o [] non sono consentiti. Modificare l'alias in un nome valido.
03/12/2023 17:31:40 - MANUTENZIONE FALLITA INDICE '' sul database 'LABEXTIM'- : Il nome di un oggetto o una colonna manca o è vuoto. Per le istruzioni SELECT INTO verificare che ogni colonna abbia un nome. Per le altre istruzioni, cercare eventuali nomi alias vuoti. Gli alias definiti come "" o [] non sono consentiti. Modificare l'alias in un nome valido.
Il nome di un oggetto o una colonna manca o è vuoto. Per le istruzioni SELECT INTO verificare che ogni colonna abbia un nome. Per le altre istruzioni, cercare eventuali nomi alias vuoti. Gli alias definiti come "" o [] non sono consentiti. Modificare l'alias in un nome valido.
03/12/2023 17:39:00 - WarehouseManager (Comando fallito: ALTER INDEX [] ON [StockItems] REBUILD; UPDATE STATISTICS [StockItems] [] - Valori parametri: ) - : Il nome di un oggetto o una colonna manca o è vuoto. Per le istruzioni SELECT INTO verificare che ogni colonna abbia un nome. Per le altre istruzioni, cercare eventuali nomi alias vuoti. Gli alias definiti come "" o [] non sono consentiti. Modificare l'alias in un nome valido.
Il nome di un oggetto o una colonna manca o è vuoto. Per le istruzioni SELECT INTO verificare che ogni colonna abbia un nome. Per le altre istruzioni, cercare eventuali nomi alias vuoti. Gli alias definiti come "" o [] non sono consentiti. Modificare l'alias in un nome valido.
03/12/2023 17:39:07 - MANUTENZIONE FALLITA INDICE '' sul database 'LABEXTIM'- : Il nome di un oggetto o una colonna manca o è vuoto. Per le istruzioni SELECT INTO verificare che ogni colonna abbia un nome. Per le altre istruzioni, cercare eventuali nomi alias vuoti. Gli alias definiti come "" o [] non sono consentiti. Modificare l'alias in un nome valido.
Il nome di un oggetto o una colonna manca o è vuoto. Per le istruzioni SELECT INTO verificare che ogni colonna abbia un nome. Per le altre istruzioni, cercare eventuali nomi alias vuoti. Gli alias definiti come "" o [] non sono consentiti. Modificare l'alias in un nome valido.
03/12/2023 17:40:49 - WarehouseManager (Comando fallito: IF  EXISTS (SELECT * FROM sys.indexes WHERE object_id = OBJECT_ID(N'[dbo].[movmag]') AND name = N'mm_lotto')     DROP INDEX [mm_lotto] ON [dbo].[movmag] WITH ( ONLINE = OFF ) CREATE NONCLUSTERED INDEX [mm_lotto] ON [dbo].[movmag] ( [mm_lotto] ASC ) INCLUDE ( [mm_valore], [mm_vprovv], [mm_vprovv2]) WITH (PAD_INDEX  = OFF, STATISTICS_NORECOMPUTE  = OFF, SORT_IN_TEMPDB = OFF, IGNORE_DUP_KEY = OFF, DROP_EXISTING = OFF, ONLINE = OFF, ALLOW_ROW_LOCKS  = ON, ALLOW_PAGE_LOCKS  = ON) ON [PRIMARY] - Valori parametri: ) - : Non è possibile aprire il database "Labe" richiesto dall'account di accesso. L'accesso non è riuscito.
L'acccesso non è riuscito per l'utente 'usrw'.
03/12/2023 17:40:53 - LabExtim Daily Manager: Non è possibile aprire il database "Labe" richiesto dall'account di accesso. L'accesso non è riuscito.
L'acccesso non è riuscito per l'utente 'usrw'.: Non è possibile aprire il database "Labe" richiesto dall'account di accesso. L'accesso non è riuscito.
L'acccesso non è riuscito per l'utente 'usrw'.
03/12/2023 17:50:53 - WarehouseManager (Comando fallito: ALTER INDEX [] ON [StockItems] REBUILD; UPDATE STATISTICS [StockItems] [] - Valori parametri: ) - : Il nome di un oggetto o una colonna manca o è vuoto. Per le istruzioni SELECT INTO verificare che ogni colonna abbia un nome. Per le altre istruzioni, cercare eventuali nomi alias vuoti. Gli alias definiti come "" o [] non sono consentiti. Modificare l'alias in un nome valido.
Il nome di un oggetto o una colonna manca o è vuoto. Per le istruzioni SELECT INTO verificare che ogni colonna abbia un nome. Per le altre istruzioni, cercare eventuali nomi alias vuoti. Gli alias definiti come "" o [] non sono consentiti. Modificare l'alias in un nome valido.
03/12/2023 17:50:54 - MANUTENZIONE FALLITA INDICE '' sul database 'LABEXTIM'- : Il nome di un oggetto o una colonna manca o è vuoto. Per le istruzioni SELECT INTO verificare che ogni colonna abbia un nome. Per le altre istruzioni, cercare eventuali nomi alias vuoti. Gli alias definiti come "" o [] non sono consentiti. Modificare l'alias in un nome valido.
Il nome di un oggetto o una colonna manca o è vuoto. Per le istruzioni SELECT INTO verificare che ogni colonna abbia un nome. Per le altre istruzioni, cercare eventuali nomi alias vuoti. Gli alias definiti come "" o [] non sono consentiti. Modificare l'alias in un nome valido.
23/12/2025 14:53:56 - SarogliaGateway - RetrieveCurrentDataset: Indice oltre i limiti della matrice.
23/12/2025 16:34:33 - SarogliaGateway - RetrieveCurrentDataset: Overflow di SqlDbType.Time. Valore '-739607.13:37:39' non incluso nell'intervallo: deve essere compreso fra 00.00.00.0000000 e 23.59.59.9999999.
23/12/2025 17:19:48 - SarogliaGateway - RetrieveCurrentDataset: Overflow di SqlDbType.Time. Valore '-739607.13:37:39' non incluso nell'intervallo: deve essere compreso fra 00.00.00.0000000 e 23.59.59.9999999.
23/12/2025 17:28:54 - SarogliaGateway - RetrieveCurrentDataset: Indice oltre i limiti della matrice.
31/12/2025 13:57:59 - Shrink log LabExtim terminato con successo
31/12/2025 13:58:02 - Shrink log ECOSYSTEM terminato con successo
31/12/2025 13:58:03 - Shrink log aspnetdb terminato con successo
02/01/2026 10:26:43 - Shrink log LabExtim terminato con successo
02/01/2026 10:26:45 - Shrink log ECOSYSTEM terminato con successo
02/01/2026 10:26:46 - Shrink log aspnetdb terminato con successo
02/01/2026 14:38:24 - BackUp LabExtim: BACKUP LOG cannot be performed because there is no current database backup.
BACKUP LOG is terminating abnormally.
02/01/2026 14:38:24 - LabExtim Daily Manager: BACKUP LOG cannot be performed because there is no current database backup.
BACKUP LOG is terminating abnormally.: BACKUP LOG cannot be performed because there is no current database backup.
BACKUP LOG is terminating abnormally.
02/01/2026 14:41:54 - Backup log LabExtim terminato con successo
02/01/2026 14:42:06 - Backup log ECOSYSTEM terminato con successo
02/01/2026 14:42:16 - Backup log aspnetdb terminato con successo
02/01/2026 14:46:01 - Backup log LabExtim terminato con successo
02/01/2026 14:46:01 - Backup log ECOSYSTEM terminato con successo
02/01/2026 14:46:02 - Backup log aspnetdb terminato con successo
02/01/2026 14:51:13 - Backup log LabExtim terminato con successo
02/01/2026 14:51:14 - Backup log ECOSYSTEM terminato con successo
02/01/2026 14:51:14 - Backup log aspnetdb terminato con successo
